2026-06-07T07:17:21Z  INFO     markets.crypto.allocator  [allocator] c3 picks (top 2): PAXG/USDT, XAUT/USDT
2026-06-07T07:17:21Z  INFO     markets.crypto.allocator  [allocator] c6 picks (top 1): ALLO/USDT
2026-06-07T07:17:21Z  INFO     paper_runner  [scanner] final plan: c3=['PAXG/USDT', 'XAUT/USDT']  c6=['ALLO/USDT']  fg=12  skip_c3=False  skip_c6=False
2026-06-07T07:17:21Z  INFO     trading.altcoin_reversion  [c3] also evaluating 3 held position(s) outside picks: ['ETH/USDT', 'LA/USDT', 'ONDO/USDT']
2026-06-07T07:17:21Z  INFO     trading.altcoin_reversion  [c3] cooldown active for: OPN/USDT(9.7h), DOT/USDT(14.0h), FIL/USDT(14.2h), AR/USDT(14.7h)
2026-06-07T07:17:21Z  INFO     trading.altcoin_reversion  [c3] HOLD  PAXG/USDT  z=-2.010  pct=+0.01%  age=0.3h
[32m07:17:21[0m | [36mrisk        [0m | [36mengine              [0m | [34m[1mDEBUG   [0m | Portfolio drawdown -0.1% — within limits
[32m07:17:21[0m | [36mexecution   [0m | [36mpaper_trader        [0m | [34m[1mDEBUG   [0m | paper_trades migration noop (ALTER TABLE paper_trades ADD COLUMN stra...): duplicate column name: strategy
[32m07:17:21[0m | [36mexecution   [0m | [36mpaper_trader        [0m | [34m[1mDEBUG   [0m | paper_trades migration noop (ALTER TABLE paper_trades ADD COLUMN entr...): duplicate column name: entry_time
[32m07:17:21[0m | [36mexecution   [0m | [36mpaper_trader        [0m | [34m[1mDEBUG   [0m | paper_trades migration noop (ALTER TABLE paper_trades ADD COLUMN exit...): duplicate column name: exit_time
[32m07:17:21[0m | [36mexecution   [0m | [36mpaper_trader        [0m | [34m[1mDEBUG   [0m | paper_trades migration noop (ALTER TABLE paper_trades ADD COLUMN pnl_...): duplicate column name: pnl_pct
[32m07:17:21[0m | [36mexecution   [0m | [36mpaper_trader        [0m | [34m[1mDEBUG   [0m | paper_trades migration noop (ALTER TABLE paper_trades ADD COLUMN note...): duplicate column name: notes
[32m07:17:21[0m | [36mexecution   [0m | [36mpaper_trader        [0m | [34m[1mDEBUG   [0m | paper_trades migration noop (ALTER TABLE paper_trades ADD COLUMN size...): duplicate column name: size_usd
[32m07:17:21[0m | [36mexecution   [0m | [36mpaper_trader        [0m | [34m[1mDEBUG   [0m | paper_trades migration noop (ALTER TABLE paper_trades ADD COLUMN valu...): duplicate column name: value
[32m07:17:21[0m | [36mexecution   [0m | [36mpaper_trader        [0m | [34m[1mDEBUG   [0m | paper_trades migration noop (ALTER TABLE paper_trades ADD COLUMN risk...): duplicate column name: risk_action
[32m07:17:21[0m | [36mexecution   [0m | [36mpaper_trader        [0m | [34m[1mDEBUG   [0m | paper_trades migration noop (ALTER TABLE paper_trades ADD COLUMN clie...): duplicate column name: client_order_id
[32m07:17:21[0m | [36mexecution   [0m | [36mpaper_trader        [0m | [34m[1mDEBUG   [0m | paper_trades migration noop (ALTER TABLE paper_trades ADD COLUMN corr...): duplicate column name: correlation_id
2026-06-07T07:17:21Z  INFO     trading.altcoin_reversion  [c3] ENTRY XAUT/USDT  z=-1.930  price=4304.8000  vol=0.011  size=$15.00  open=5/11  portfolio=$127.01
[32m07:17:21[0m | [36mexecution   [0m | [36mpaper_trader        [0m | [1mINFO    [0m | PAPER BUY XAUT/USDT @ 4304.8000 x0.003484 | strat=C3_altcoin_reversion | regime=RANGE_OR_BULL | cli=88b262cfd544 | corr=6a88c7ac
2026-06-07T07:17:21Z  INFO     trading.altcoin_reversion  [c3] HOLD  ETH/USDT  z=-0.480  pct=+4.32%  age=20.5h
2026-06-07T07:17:22Z  INFO     trading.altcoin_reversion  [c3] HOLD  LA/USDT  z=0.155  pct=+11.80%  age=21.3h
[32m07:17:22[0m | [36mrisk        [0m | [36mengine              [0m | [34m[1mDEBUG   [0m | Portfolio drawdown -0.2% — within limits
[32m07:17:22[0m | [36mrisk        [0m | [36mengine              [0m | [31m[1mERROR   [0m | HALT CRYPTO — CRYPTO drawdown -18.0% breached -15% halt threshold
[32m07:17:22[0m | [36mexecution   [0m | [36mpaper_trader        [0m | [34m[1mDEBUG   [0m | paper_trades migration noop (ALTER TABLE paper_trades ADD COLUMN stra...): duplicate column name: strategy
[32m07:17:22[0m | [36mexecution   [0m | [36mpaper_trader        [0m | [34m[1mDEBUG   [0m | paper_trades migration noop (ALTER TABLE paper_trades ADD COLUMN entr...): duplicate column name: entry_time
[32m07:17:22[0m | [36mexecution   [0m | [36mpaper_trader        [0m | [34m[1mDEBUG   [0m | paper_trades migration noop (ALTER TABLE paper_trades ADD COLUMN exit...): duplicate column name: exit_time
[32m07:17:22[0m | [36mexecution   [0m | [36mpaper_trader        [0m | [34m[1mDEBUG   [0m | paper_trades migration noop (ALTER TABLE paper_trades ADD COLUMN pnl_...): duplicate column name: pnl_pct
[32m07:17:22[0m | [36mexecution   [0m | [36mpaper_trader        [0m | [34m[1mDEBUG   [0m | paper_trades migration noop (ALTER TABLE paper_trades ADD COLUMN note...): duplicate column name: notes
[32m07:17:22[0m | [36mexecution   [0m | [36mpaper_trader        [0m | [34m[1mDEBUG   [0m | paper_trades migration noop (ALTER TABLE paper_trades ADD COLUMN size...): duplicate column name: size_usd
[32m07:17:22[0m | [36mexecution   [0m | [36mpaper_trader        [0m | [34m[1mDEBUG   [0m | paper_trades migration noop (ALTER TABLE paper_trades ADD COLUMN valu...): duplicate column name: value
[32m07:17:22[0m | [36mexecution   [0m | [36mpaper_trader        [0m | [34m[1mDEBUG   [0m | paper_trades migration noop (ALTER TABLE paper_trades ADD COLUMN risk...): duplicate column name: risk_action
[32m07:17:22[0m | [36mexecution   [0m | [36mpaper_trader        [0m | [34m[1mDEBUG   [0m | paper_trades migration noop (ALTER TABLE paper_trades ADD COLUMN clie...): duplicate column name: client_order_id
[32m07:17:22[0m | [36mexecution   [0m | [36mpaper_trader        [0m | [34m[1mDEBUG   [0m | paper_trades migration noop (ALTER TABLE paper_trades ADD COLUMN corr...): duplicate column name: correlation_id
2026-06-07T07:17:22Z  INFO     trading.altcoin_reversion  [c3] EXIT  ONDO/USDT  reason=z_overshoot  z=0.659  pnl=$0.4466 (8.59%)  portfolio=$132.66
[32m07:17:22[0m | [36mexecution   [0m | [36mpaper_trader        [0m | [1mINFO    [0m | PAPER SELL ONDO/USDT @ 0.3515 x16.064257 | strat=C3_altcoin_reversion | regime=RANGE_OR_BULL | cli=4a2adf3721d7 | corr=0586ebd7
2026-06-07T07:17:22Z  INFO     trading.bollinger_range  [c6] ALLO/USDT  price=0.2998  %B=-0.009  RSI=28.0  regime=RANGE_BOUND
[32m07:17:22[0m | [36mrisk        [0m | [36mengine              [0m | [34m[1mDEBUG   [0m | Portfolio drawdown -0.1% — within limits
[32m07:17:22[0m | [36mexecution   [0m | [36mpaper_trader        [0m | [34m[1mDEBUG   [0m | paper_trades migration noop (ALTER TABLE paper_trades ADD COLUMN stra...): duplicate column name: strategy
[32m07:17:22[0m | [36mexecution   [0m | [36mpaper_trader        [0m | [34m[1mDEBUG   [0m | paper_trades migration noop (ALTER TABLE paper_trades ADD COLUMN entr...): duplicate column name: entry_time
[32m07:17:22[0m | [36mexecution   [0m | [36mpaper_trader        [0m | [34m[1mDEBUG   [0m | paper_trades migration noop (ALTER TABLE paper_trades ADD COLUMN exit...): duplicate column name: exit_time
[32m07:17:22[0m | [36mexecution   [0m | [36mpaper_trader        [0m | [34m[1mDEBUG   [0m | paper_trades migration noop (ALTER TABLE paper_trades ADD COLUMN pnl_...): duplicate column name: pnl_pct
[32m07:17:22[0m | [36mexecution   [0m | [36mpaper_trader        [0m | [34m[1mDEBUG   [0m | paper_trades migration noop (ALTER TABLE paper_trades ADD COLUMN note...): duplicate column name: notes
[32m07:17:22[0m | [36mexecution   [0m | [36mpaper_trader        [0m | [34m[1mDEBUG   [0m | paper_trades migration noop (ALTER TABLE paper_trades ADD COLUMN size...): duplicate column name: size_usd
[32m07:17:22[0m | [36mexecution   [0m | [36mpaper_trader        [0m | [34m[1mDEBUG   [0m | paper_trades migration noop (ALTER TABLE paper_trades ADD COLUMN valu...): duplicate column name: value
[32m07:17:22[0m | [36mexecution   [0m | [36mpaper_trader        [0m | [34m[1mDEBUG   [0m | paper_trades migration noop (ALTER TABLE paper_trades ADD COLUMN risk...): duplicate column name: risk_action
[32m07:17:22[0m | [36mexecution   [0m | [36mpaper_trader        [0m | [34m[1mDEBUG   [0m | paper_trades migration noop (ALTER TABLE paper_trades ADD COLUMN clie...): duplicate column name: client_order_id
[32m07:17:22[0m | [36mexecution   [0m | [36mpaper_trader        [0m | [34m[1mDEBUG   [0m | paper_trades migration noop (ALTER TABLE paper_trades ADD COLUMN corr...): duplicate column name: correlation_id
[32m07:17:22[0m | [36mexecution   [0m | [36mpaper_trader        [0m | [1mINFO    [0m | PAPER SELL ALLO/USDT @ 0.2998 x31.333171 | strat=C6_bollinger_range | regime=RANGE_BOUND | cli=617130fdfb09 | corr=840bf9a6
2026-06-07T07:17:22Z  INFO     trading.bollinger_range  [c6] EXIT  ALLO/USDT  reason=take_profit(3.63%)  pnl=$0.3290 (+3.63%)  cap=$142.05
2026-06-07T07:17:22Z  INFO     paper_runner    [reconcile] crypto portfolio stats refreshed from DB: trades 495→498, realized_pnl -4.0550→-3.2794
2026-06-07T07:17:22Z  INFO     paper_runner  == Crypto cycle done | capital=USD 142.05 ==
[32m07:17:22[0m | [36mscripts     [0m | [36mreconcile_intracycle[0m | [34m[1mDEBUG   [0m | dust filter (drift): LA/USDT drift_shares=0.000000 notional<$0.25 — skip
[32m07:17:22[0m | [36mscripts     [0m | [36mreconcile_intracycle[0m | [34m[1mDEBUG   [0m | dust filter (drift): PAXG/USDT drift_shares=0.000000 notional<$0.25 — skip
[32m07:17:22[0m | [36mscripts     [0m | [36mreconcile_intracycle[0m | [34m[1mDEBUG   [0m | dust filter (drift): ETH/USDT drift_shares=0.000000 notional<$0.25 — skip
[32m07:17:22[0m | [36mscripts     [0m | [36mreconcile_intracycle[0m | [34m[1mDEBUG   [0m | dust filter (drift): XAUT/USDT drift_shares=0.000000 notional<$0.25 — skip
[32m07:17:22[0m | [36mscripts     [0m | [36mreconcile_intracycle[0m | [1mINFO    [0m | reconciler: filtered 4 dust drift entries (notional < $0.25)
[32m07:17:22[0m | [36mscripts     [0m | [36mreconcile_intracycle[0m | [1mINFO    [0m | Reconciliation clean | checked=4 positions across crypto
2026-06-07T07:17:22Z  INFO     paper_runner    Cycle 1054 done in 22.9s — sleeping 877s
2026-06-07T07:17:22Z  INFO     paper_runner  [runner] cycle 1054 complete: C1=idle C2=idle C3=hold(4,picks=2) C5b=halted_src C6=idle(picks=1)
2026-06-07T07:31:59Z  INFO     paper_runner  ── Cycle 1055 ─────────────────────────────────────
2026-06-07T07:31:59Z  INFO     paper_runner  == Crypto cycle | capital=USD 142.05 ==
2026-06-07T07:32:00Z  INFO     paper_runner    BTC dominance proxy: 45.1%
2026-06-07T07:32:01Z  INFO     paper_runner    [BTC/USDT] price=62265.6200 | BTC.D=45.1%
2026-06-07T07:32:01Z  INFO     paper_runner      regime=RANGE_BOUND(0.84) votes={'BUY': 0, 'SELL': 1, 'HOLD': 5} → HOLD (agree=0.83 conf=0.49)
2026-06-07T07:32:02Z  INFO     paper_runner    📊 Fear & Greed: 12 (Extreme Fear)
2026-06-07T07:32:02Z  INFO     paper_runner      ML gate: conf=0.305 -> SKIP HOLD
2026-06-07T07:32:02Z  INFO     paper_runner    [ETH/USDT] price=1615.2700 | BTC.D=45.1%
2026-06-07T07:32:02Z  INFO     paper_runner      regime=BULL_TREND(1.00) votes={'BUY': 0, 'SELL': 1, 'HOLD': 5} → HOLD (agree=0.83 conf=0.49)
2026-06-07T07:32:02Z  INFO     paper_runner    ⏸  HOLD ETH/USDT @ 1615.2700
2026-06-07T07:32:02Z  INFO     paper_runner    [SOL/USDT] price=65.0000 | BTC.D=45.1%
2026-06-07T07:32:02Z  INFO     paper_runner      regime=RANGE_BOUND(1.00) votes={'BUY': 0, 'SELL': 1, 'HOLD': 5} → HOLD (agree=0.83 conf=0.49)
[32m07:32:02[0m | [36mrisk        [0m | [36mengine              [0m | [34m[1mDEBUG   [0m | Portfolio drawdown -0.1% — within limits
[32m07:32:02[0m | [36mrisk        [0m | [36mengine              [0m | [34m[1mDEBUG   [0m | Portfolio drawdown -0.1% — within limits
2026-06-07T07:32:02Z  INFO     paper_runner    ⏸  HOLD SOL/USDT @ 65.0000
2026-06-07T07:32:02Z  INFO     paper_runner    [LINK/USDT] price=7.7080 | BTC.D=45.1%
2026-06-07T07:32:02Z  INFO     paper_runner      regime=BULL_TREND(0.98) votes={'BUY': 0, 'SELL': 1, 'HOLD': 5} → HOLD (agree=0.83 conf=0.49)
[32m07:32:02[0m | [36mrisk        [0m | [36mengine              [0m | [34m[1mDEBUG   [0m | Portfolio drawdown -0.1% — within limits
2026-06-07T07:32:02Z  INFO     paper_runner    ⏸  HOLD LINK/USDT @ 7.7080
2026-06-07T07:32:02Z  INFO     paper_runner    [DOT/USDT] price=0.9700 | BTC.D=45.1%
2026-06-07T07:32:02Z  INFO     paper_runner      regime=BULL_TREND(0.98) votes={'BUY': 0, 'SELL': 1, 'HOLD': 5} → HOLD (agree=0.83 conf=0.49)
[32m07:32:02[0m | [36mrisk        [0m | [36mengine              [0m | [34m[1mDEBUG   [0m | Portfolio drawdown -0.1% — within limits
2026-06-07T07:32:02Z  INFO     paper_runner    ⏸  HOLD DOT/USDT @ 0.9700
2026-06-07T07:32:02Z  INFO     paper_runner    [AVAX/USDT] price=6.8180 | BTC.D=45.1%
2026-06-07T07:32:02Z  INFO     paper_runner      regime=RANGE_BOUND(1.00) votes={'BUY': 0, 'SELL': 1, 'HOLD': 5} → HOLD (agree=0.83 conf=0.49)
[32m07:32:02[0m | [36mrisk        [0m | [36mengine              [0m | [34m[1mDEBUG   [0m | Portfolio drawdown -0.1% — within limits
2026-06-07T07:32:02Z  INFO     paper_runner    ⏸  HOLD AVAX/USDT @ 6.8180
2026-06-07T07:32:03Z  INFO     trading.stat_arb    [BTC/USDT/ETH/USDT] spread=3.6520 z=-1.492 prices=(62265.6200, 1615.0600)
2026-06-07T07:32:03Z  INFO     paper_runner  [scanner] universe size=22  top5=['ALLO/USDT', 'XLM/USDT', 'HOME/USDT', 'USD1/USDT', 'SUI/USDT']
2026-06-07T07:32:07Z  INFO     markets.crypto.scanner  [scanner] universe=22 fetched=22 skipped=0  candidates: c3=2, c6=2
2026-06-07T07:32:07Z  INFO     markets.crypto.scanner  [scanner] c3 top3: PAXG/USDT(-2.249), XAUT/USDT(-2.211)
2026-06-07T07:32:07Z  INFO     markets.crypto.scanner  [scanner] c6 top3: EUR/USDT(-0.450), ALLO/USDT(-0.212)
2026-06-07T07:32:07Z  INFO     markets.crypto.allocator  [allocator] capital=$142.05  open=0/6  per_strategy_counts={}
2026-06-07T07:32:07Z  INFO     markets.crypto.allocator  [allocator] c3 picks (top 2): PAXG/USDT, XAUT/USDT
2026-06-07T07:32:07Z  INFO     markets.crypto.allocator  [allocator] c6 picks (top 2): EUR/USDT, ALLO/USDT
2026-06-07T07:32:07Z  INFO     markets.crypto.correlation_guard  [corr_guard] c6 skip ALLO/USDT (cluster OTHER already at cap)
2026-06-07T07:32:07Z  INFO     paper_runner  [scanner] final plan: c3=['PAXG/USDT', 'XAUT/USDT']  c6=['EUR/USDT']  fg=12  skip_c3=False  skip_c6=False
2026-06-07T07:32:07Z  INFO     trading.altcoin_reversion  [c3] also evaluating 2 held position(s) outside picks: ['ETH/USDT', 'LA/USDT']
2026-06-07T07:32:07Z  INFO     trading.altcoin_reversion  [c3] cooldown active for: OPN/USDT(9.5h), DOT/USDT(13.8h), FIL/USDT(14.0h), AR/USDT(14.5h)
2026-06-07T07:32:07Z  INFO     trading.altcoin_reversion  [c3] HOLD  PAXG/USDT  z=-2.248  pct=-0.01%  age=0.5h
2026-06-07T07:32:08Z  INFO     trading.altcoin_reversion  [c3] HOLD  XAUT/USDT  z=-2.210  pct=-0.06%  age=0.2h
2026-06-07T07:32:08Z  INFO     trading.altcoin_reversion  [c3] HOLD  ETH/USDT  z=-0.441  pct=+4.66%  age=20.8h
2026-06-07T07:32:08Z  INFO     trading.altcoin_reversion  [c3] HOLD  LA/USDT  z=0.142  pct=+11.94%  age=21.5h
2026-06-07T07:32:08Z  INFO     trading.bollinger_range  [c6] EUR/USDT  price=1.1491  %B=-0.294  RSI=31.4  regime=RANGE_BOUND
[32m07:32:08[0m | [36mrisk        [0m | [36mengine              [0m | [34m[1mDEBUG   [0m | Portfolio drawdown -0.1% — within limits
[32m07:32:08[0m | [36mexecution   [0m | [36mpaper_trader        [0m | [34m[1mDEBUG   [0m | paper_trades migration noop (ALTER TABLE paper_trades ADD COLUMN stra...): duplicate column name: strategy
[32m07:32:08[0m | [36mexecution   [0m | [36mpaper_trader        [0m | [34m[1mDEBUG   [0m | paper_trades migration noop (ALTER TABLE paper_trades ADD COLUMN entr...): duplicate column name: entry_time
[32m07:32:08[0m | [36mexecution   [0m | [36mpaper_trader        [0m | [34m[1mDEBUG   [0m | paper_trades migration noop (ALTER TABLE paper_trades ADD COLUMN exit...): duplicate column name: exit_time
[32m07:32:08[0m | [36mexecution   [0m | [36mpaper_trader        [0m | [34m[1mDEBUG   [0m | paper_trades migration noop (ALTER TABLE paper_trades ADD COLUMN pnl_...): duplicate column name: pnl_pct
[32m07:32:08[0m | [36mexecution   [0m | [36mpaper_trader        [0m | [34m[1mDEBUG   [0m | paper_trades migration noop (ALTER TABLE paper_trades ADD COLUMN note...): duplicate column name: notes
[32m07:32:08[0m | [36mexecution   [0m | [36mpaper_trader        [0m | [34m[1mDEBUG   [0m | paper_trades migration noop (ALTER TABLE paper_trades ADD COLUMN size...): duplicate column name: size_usd
[32m07:32:08[0m | [36mexecution   [0m | [36mpaper_trader        [0m | [34m[1mDEBUG   [0m | paper_trades migration noop (ALTER TABLE paper_trades ADD COLUMN valu...): duplicate column name: value
[32m07:32:08[0m | [36mexecution   [0m | [36mpaper_trader        [0m | [34m[1mDEBUG   [0m | paper_trades migration noop (ALTER TABLE paper_trades ADD COLUMN risk...): duplicate column name: risk_action
[32m07:32:08[0m | [36mexecution   [0m | [36mpaper_trader        [0m | [34m[1mDEBUG   [0m | paper_trades migration noop (ALTER TABLE paper_trades ADD COLUMN clie...): duplicate column name: client_order_id
[32m07:32:08[0m | [36mexecution   [0m | [36mpaper_trader        [0m | [34m[1mDEBUG   [0m | paper_trades migration noop (ALTER TABLE paper_trades ADD COLUMN corr...): duplicate column name: correlation_id
2026-06-07T07:32:08Z  INFO     trading.bollinger_range  [c6] ENTRY EUR/USDT  %B=-0.294  RSI=31.4  size=$8.52  cap=$133.53
[32m07:32:08[0m | [36mexecution   [0m | [36mpaper_trader        [0m | [1mINFO    [0m | PAPER BUY EUR/USDT @ 1.1491 x7.417302 | strat=C6_bollinger_range | regime=RANGE_BOUND | cli=9af230db06f7 | corr=c4017dde
2026-06-07T07:32:08Z  INFO     paper_runner    [reconcile] crypto portfolio stats refreshed from DB: trades 498→499, realized_pnl -3.2794→-3.2794
2026-06-07T07:32:08Z  INFO     paper_runner  == Crypto cycle done | capital=USD 133.53 ==
[32m07:32:08[0m | [36mscripts     [0m | [36mreconcile_intracycle[0m | [34m[1mDEBUG   [0m | dust filter (drift): LA/USDT drift_shares=0.000000 notional<$0.25 — skip
[32m07:32:08[0m | [36mscripts     [0m | [36mreconcile_intracycle[0m | [34m[1mDEBUG   [0m | dust filter (drift): EUR/USDT drift_shares=0.000000 notional<$0.25 — skip
[32m07:32:08[0m | [36mscripts     [0m | [36mreconcile_intracycle[0m | [34m[1mDEBUG   [0m | dust filter (drift): PAXG/USDT drift_shares=0.000000 notional<$0.25 — skip
[32m07:32:08[0m | [36mscripts     [0m | [36mreconcile_intracycle[0m | [34m[1mDEBUG   [0m | dust filter (drift): ETH/USDT drift_shares=0.000000 notional<$0.25 — skip
[32m07:32:08[0m | [36mscripts     [0m | [36mreconcile_intracycle[0m | [34m[1mDEBUG   [0m | dust filter (drift): XAUT/USDT drift_shares=0.000000 notional<$0.25 — skip
[32m07:32:08[0m | [36mscripts     [0m | [36mreconcile_intracycle[0m | [1mINFO    [0m | reconciler: filtered 5 dust drift entries (notional < $0.25)
[32m07:32:08[0m | [36mscripts     [0m | [36mreconcile_intracycle[0m | [1mINFO    [0m | Reconciliation clean | checked=5 positions across crypto
2026-06-07T07:32:08Z  INFO     paper_runner    Cycle 1055 done in 8.9s — sleeping 891s
2026-06-07T07:32:08Z  INFO     paper_runner  [runner] cycle 1055 complete: C1=idle C2=idle C3=hold(4,picks=2) C5b=halted_src C6=hold(1,picks=1)
2026-06-07T07:46:59Z  INFO     paper_runner  ── Cycle 1056 ─────────────────────────────────────
2026-06-07T07:46:59Z  INFO     paper_runner  == Crypto cycle | capital=USD 133.53 ==
2026-06-07T07:47:00Z  INFO     paper_runner    BTC dominance proxy: 45.6%
2026-06-07T07:47:01Z  INFO     paper_runner    [BTC/USDT] price=62219.3200 | BTC.D=45.6%
2026-06-07T07:47:01Z  INFO     paper_runner      regime=BEAR_TREND(0.98) votes={'BUY': 0, 'SELL': 1, 'HOLD': 5} → HOLD (agree=0.83 conf=0.49)
2026-06-07T07:47:01Z  INFO     paper_runner      ML gate: conf=0.320 -> SKIP HOLD
2026-06-07T07:47:01Z  INFO     paper_runner    [ETH/USDT] price=1612.0400 | BTC.D=45.6%
2026-06-07T07:47:01Z  INFO     paper_runner      regime=BULL_TREND(1.00) votes={'BUY': 0, 'SELL': 1, 'HOLD': 5} → HOLD (agree=0.83 conf=0.49)
[32m07:47:01[0m | [36mrisk        [0m | [36mengine              [0m | [34m[1mDEBUG   [0m | Portfolio drawdown -0.1% — within limits
2026-06-07T07:47:01Z  INFO     paper_runner    ⏸  HOLD ETH/USDT @ 1612.0400
2026-06-07T07:47:01Z  INFO     paper_runner    [SOL/USDT] price=64.8100 | BTC.D=45.6%
2026-06-07T07:47:01Z  INFO     paper_runner      regime=RANGE_BOUND(1.00) votes={'BUY': 0, 'SELL': 1, 'HOLD': 5} → HOLD (agree=0.83 conf=0.49)
[32m07:47:01[0m | [36mrisk        [0m | [36mengine              [0m | [34m[1mDEBUG   [0m | Portfolio drawdown -0.1% — within limits
2026-06-07T07:47:01Z  INFO     paper_runner    ⏸  HOLD SOL/USDT @ 64.8100
2026-06-07T07:47:01Z  INFO     paper_runner    [LINK/USDT] price=7.7010 | BTC.D=45.6%
2026-06-07T07:47:01Z  INFO     paper_runner      regime=BULL_TREND(0.98) votes={'BUY': 0, 'SELL': 1, 'HOLD': 5} → HOLD (agree=0.83 conf=0.49)
[32m07:47:01[0m | [36mrisk        [0m | [36mengine              [0m | [34m[1mDEBUG   [0m | Portfolio drawdown -0.1% — within limits
2026-06-07T07:47:01Z  INFO     paper_runner    ⏸  HOLD LINK/USDT @ 7.7010
2026-06-07T07:47:01Z  INFO     paper_runner    [DOT/USDT] price=0.9660 | BTC.D=45.6%
2026-06-07T07:47:01Z  INFO     paper_runner      regime=BULL_TREND(0.99) votes={'BUY': 0, 'SELL': 1, 'HOLD': 5} → HOLD (agree=0.83 conf=0.49)
[32m07:47:01[0m | [36mrisk        [0m | [36mengine              [0m | [34m[1mDEBUG   [0m | Portfolio drawdown -0.1% — within limits
2026-06-07T07:47:01Z  INFO     paper_runner    ⏸  HOLD DOT/USDT @ 0.9660
2026-06-07T07:47:01Z  INFO     paper_runner    [AVAX/USDT] price=6.8120 | BTC.D=45.6%
2026-06-07T07:47:01Z  INFO     paper_runner      regime=RANGE_BOUND(1.00) votes={'BUY': 0, 'SELL': 1, 'HOLD': 5} → HOLD (agree=0.83 conf=0.49)
[32m07:47:01[0m | [36mrisk        [0m | [36mengine              [0m | [34m[1mDEBUG   [0m | Portfolio drawdown -0.1% — within limits
2026-06-07T07:47:01Z  INFO     paper_runner    ⏸  HOLD AVAX/USDT @ 6.8120
2026-06-07T07:47:01Z  INFO     trading.stat_arb    [BTC/USDT/ETH/USDT] spread=3.6532 z=-1.296 prices=(62219.3200, 1612.0400)
2026-06-07T07:47:02Z  INFO     paper_runner  [scanner] universe size=22  top5=['ALLO/USDT', 'XLM/USDT', 'HOME/USDT', 'USD1/USDT', 'SUI/USDT']
2026-06-07T07:47:05Z  INFO     markets.crypto.scanner  [scanner] universe=22 fetched=22 skipped=0  candidates: c3=2, c6=2
2026-06-07T07:47:05Z  INFO     markets.crypto.scanner  [scanner] c3 top3: PAXG/USDT(-2.141), XAUT/USDT(-2.065)
2026-06-07T07:47:05Z  INFO     markets.crypto.scanner  [scanner] c6 top3: EUR/USDT(-0.450), ALLO/USDT(-0.202)
2026-06-07T07:47:05Z  INFO     markets.crypto.allocator  [allocator] capital=$133.53  open=0/6  per_strategy_counts={}
2026-06-07T07:47:05Z  INFO     markets.crypto.allocator  [allocator] c3 picks (top 2): PAXG/USDT, XAUT/USDT
2026-06-07T07:47:05Z  INFO     markets.crypto.allocator  [allocator] c6 picks (top 2): EUR/USDT, ALLO/USDT
2026-06-07T07:47:05Z  INFO     markets.crypto.correlation_guard  [corr_guard] c6 skip ALLO/USDT (cluster OTHER already at cap)
2026-06-07T07:47:05Z  INFO     paper_runner  [scanner] final plan: c3=['PAXG/USDT', 'XAUT/USDT']  c6=['EUR/USDT']  fg=12  skip_c3=False  skip_c6=False
2026-06-07T07:47:05Z  INFO     trading.altcoin_reversion  [c3] also evaluating 2 held position(s) outside picks: ['ETH/USDT', 'LA/USDT']
2026-06-07T07:47:05Z  INFO     trading.altcoin_reversion  [c3] cooldown active for: OPN/USDT(9.3h), DOT/USDT(13.5h), FIL/USDT(13.7h), AR/USDT(14.3h)
2026-06-07T07:47:05Z  INFO     trading.altcoin_reversion  [c3] HOLD  PAXG/USDT  z=-2.137  pct=+0.03%  age=0.7h
2026-06-07T07:47:05Z  INFO     trading.altcoin_reversion  [c3] HOLD  XAUT/USDT  z=-2.061  pct=+0.02%  age=0.5h
2026-06-07T07:47:05Z  INFO     trading.altcoin_reversion  [c3] HOLD  ETH/USDT  z=-0.477  pct=+4.47%  age=21.0h
2026-06-07T07:47:05Z  INFO     trading.altcoin_reversion  [c3] HOLD  LA/USDT  z=0.135  pct=+11.80%  age=21.7h
2026-06-07T07:47:05Z  INFO     trading.bollinger_range  [c6] EUR/USDT  price=1.1491  %B=-0.294  RSI=31.4  regime=RANGE_BOUND
2026-06-07T07:47:05Z  INFO     trading.bollinger_range  [c6] HOLD  EUR/USDT  pnl=+0.00%  age=0.2h  %B=-0.294
2026-06-07T07:47:05Z  INFO     paper_runner  == Crypto cycle done | capital=USD 133.53 ==
[32m07:47:05[0m | [36mscripts     [0m | [36mreconcile_intracycle[0m | [34m[1mDEBUG   [0m | dust filter (drift): LA/USDT drift_shares=0.000000 notional<$0.25 — skip
[32m07:47:05[0m | [36mscripts     [0m | [36mreconcile_intracycle[0m | [34m[1mDEBUG   [0m | dust filter (drift): EUR/USDT drift_shares=0.000000 notional<$0.25 — skip
[32m07:47:05[0m | [36mscripts     [0m | [36mreconcile_intracycle[0m | [34m[1mDEBUG   [0m | dust filter (drift): PAXG/USDT drift_shares=0.000000 notional<$0.25 — skip
[32m07:47:05[0m | [36mscripts     [0m | [36mreconcile_intracycle[0m | [34m[1mDEBUG   [0m | dust filter (drift): ETH/USDT drift_shares=0.000000 notional<$0.25 — skip
[32m07:47:05[0m | [36mscripts     [0m | [36mreconcile_intracycle[0m | [34m[1mDEBUG   [0m | dust filter (drift): XAUT/USDT drift_shares=0.000000 notional<$0.25 — skip
[32m07:47:05[0m | [36mscripts     [0m | [36mreconcile_intracycle[0m | [1mINFO    [0m | reconciler: filtered 5 dust drift entries (notional < $0.25)
[32m07:47:05[0m | [36mscripts     [0m | [36mreconcile_intracycle[0m | [1mINFO    [0m | Reconciliation clean | checked=5 positions across crypto
2026-06-07T07:47:05Z  INFO     paper_runner    Cycle 1056 done in 6.3s — sleeping 894s
2026-06-07T07:47:05Z  INFO     paper_runner  [runner] cycle 1056 complete: C1=idle C2=idle C3=hold(4,picks=2) C5b=halted_src C6=hold(1,picks=1)
2026-06-07T08:01:59Z  INFO     paper_runner  ── Cycle 1057 ─────────────────────────────────────
2026-06-07T08:01:59Z  INFO     paper_runner  == Crypto cycle | capital=USD 133.53 ==
2026-06-07T08:02:00Z  INFO     paper_runner    BTC dominance proxy: 46.0%
2026-06-07T08:02:01Z  INFO     paper_runner    [BTC/USDT] price=62378.0100 | BTC.D=46.0%
2026-06-07T08:02:01Z  INFO     paper_runner      regime=RANGE_BOUND(0.77) votes={'BUY': 0, 'SELL': 1, 'HOLD': 5} → HOLD (agree=0.83 conf=0.49)
2026-06-07T08:02:01Z  INFO     paper_runner      ML gate: conf=0.240 -> SKIP HOLD
2026-06-07T08:02:01Z  INFO     paper_runner    [ETH/USDT] price=1614.1600 | BTC.D=46.0%
2026-06-07T08:02:01Z  INFO     paper_runner      regime=BULL_TREND(1.00) votes={'BUY': 0, 'SELL': 1, 'HOLD': 5} → HOLD (agree=0.83 conf=0.49)
[32m08:02:01[0m | [36mrisk        [0m | [36mengine              [0m | [34m[1mDEBUG   [0m | Portfolio drawdown -0.1% — within limits
2026-06-07T08:02:01Z  INFO     paper_runner    ⏸  HOLD ETH/USDT @ 1614.1600
2026-06-07T08:02:01Z  INFO     paper_runner    [SOL/USDT] price=64.8600 | BTC.D=46.0%
2026-06-07T08:02:01Z  INFO     paper_runner      regime=BEAR_TREND(0.99) votes={'BUY': 0, 'SELL': 1, 'HOLD': 5} → HOLD (agree=0.83 conf=0.49)
[32m08:02:01[0m | [36mrisk        [0m | [36mengine              [0m | [34m[1mDEBUG   [0m | Portfolio drawdown -0.1% — within limits
2026-06-07T08:02:01Z  INFO     paper_runner    ⏸  HOLD SOL/USDT @ 64.8600
2026-06-07T08:02:01Z  INFO     paper_runner    [LINK/USDT] price=7.7170 | BTC.D=46.0%
2026-06-07T08:02:01Z  INFO     paper_runner      regime=BULL_TREND(1.00) votes={'BUY': 0, 'SELL': 1, 'HOLD': 5} → HOLD (agree=0.83 conf=0.49)
[32m08:02:01[0m | [36mrisk        [0m | [36mengine              [0m | [34m[1mDEBUG   [0m | Portfolio drawdown -0.1% — within limits
2026-06-07T08:02:01Z  INFO     paper_runner    ⏸  HOLD LINK/USDT @ 7.7170
2026-06-07T08:02:01Z  INFO     paper_runner    [DOT/USDT] price=0.9680 | BTC.D=46.0%
2026-06-07T08:02:01Z  INFO     paper_runner      regime=BEAR_TREND(0.91) votes={'BUY': 0, 'SELL': 1, 'HOLD': 5} → HOLD (agree=0.83 conf=0.49)
[32m08:02:01[0m | [36mrisk        [0m | [36mengine              [0m | [34m[1mDEBUG   [0m | Portfolio drawdown -0.1% — within limits
2026-06-07T08:02:01Z  INFO     paper_runner    ⏸  HOLD DOT/USDT @ 0.9680
2026-06-07T08:02:01Z  INFO     paper_runner    [AVAX/USDT] price=6.8140 | BTC.D=46.0%
2026-06-07T08:02:01Z  INFO     paper_runner      regime=RANGE_BOUND(1.00) votes={'BUY': 0, 'SELL': 1, 'HOLD': 5} → HOLD (agree=0.83 conf=0.49)
[32m08:02:01[0m | [36mrisk        [0m | [36mengine              [0m | [34m[1mDEBUG   [0m | Portfolio drawdown -0.1% — within limits
2026-06-07T08:02:01Z  INFO     paper_runner    ⏸  HOLD AVAX/USDT @ 6.8140
2026-06-07T08:02:01Z  INFO     trading.stat_arb    [BTC/USDT/ETH/USDT] spread=3.6544 z=-1.068 prices=(62378.0100, 1614.2000)
2026-06-07T08:02:02Z  INFO     paper_runner  [scanner] universe size=22  top5=['ALLO/USDT', 'XLM/USDT', 'HOME/USDT', 'USD1/USDT', 'SUI/USDT']
2026-06-07T08:02:04Z  INFO     markets.crypto.scanner  [scanner] universe=22 fetched=22 skipped=0  candidates: c3=2, c6=1
2026-06-07T08:02:04Z  INFO     markets.crypto.scanner  [scanner] c3 top3: PAXG/USDT(-2.267), XAUT/USDT(-2.192)
2026-06-07T08:02:04Z  INFO     markets.crypto.scanner  [scanner] c6 top3: ALLO/USDT(-0.126)
2026-06-07T08:02:04Z  INFO     markets.crypto.allocator  [allocator] capital=$133.53  open=0/6  per_strategy_counts={}
2026-06-07T08:02:04Z  INFO     markets.crypto.allocator  [allocator] c3 picks (top 2): PAXG/USDT, XAUT/USDT
2026-06-07T08:02:04Z  INFO     markets.crypto.allocator  [allocator] c6 picks (top 1): ALLO/USDT
2026-06-07T08:02:05Z  INFO     markets.crypto.sentiment  [sentiment] F&G=12 (Extreme Fear)
2026-06-07T08:02:05Z  INFO     paper_runner  [scanner] final plan: c3=['PAXG/USDT', 'XAUT/USDT']  c6=['ALLO/USDT']  fg=12  skip_c3=False  skip_c6=False
2026-06-07T08:02:05Z  INFO     trading.altcoin_reversion  [c3] also evaluating 2 held position(s) outside picks: ['ETH/USDT', 'LA/USDT']
2026-06-07T08:02:05Z  INFO     trading.altcoin_reversion  [c3] cooldown active for: OPN/USDT(9.0h), DOT/USDT(13.3h), FIL/USDT(13.5h), AR/USDT(14.0h)
2026-06-07T08:02:05Z  INFO     trading.altcoin_reversion  [c3] HOLD  PAXG/USDT  z=-2.281  pct=+0.02%  age=1.0h
2026-06-07T08:02:06Z  INFO     trading.altcoin_reversion  [c3] HOLD  XAUT/USDT  z=-2.206  pct=+0.03%  age=0.7h
2026-06-07T08:02:06Z  INFO     trading.altcoin_reversion  [c3] HOLD  ETH/USDT  z=-0.494  pct=+4.64%  age=21.3h
2026-06-07T08:02:06Z  INFO     trading.altcoin_reversion  [c3] HOLD  LA/USDT  z=0.096  pct=+11.80%  age=22.0h
2026-06-07T08:02:06Z  INFO     trading.bollinger_range  [c6] also evaluating 1 held position(s) outside picks: ['EUR/USDT']
2026-06-07T08:02:06Z  INFO     trading.bollinger_range  [c6] ALLO/USDT  price=0.2999  %B=0.061  RSI=28.4  regime=RANGE_BOUND
[32m08:02:06[0m | [36mrisk        [0m | [36mengine              [0m | [34m[1mDEBUG   [0m | Portfolio drawdown -0.1% — within limits
[32m08:02:06[0m | [36mexecution   [0m | [36mpaper_trader        [0m | [34m[1mDEBUG   [0m | paper_trades migration noop (ALTER TABLE paper_trades ADD COLUMN stra...): duplicate column name: strategy
[32m08:02:06[0m | [36mexecution   [0m | [36mpaper_trader        [0m | [34m[1mDEBUG   [0m | paper_trades migration noop (ALTER TABLE paper_trades ADD COLUMN entr...): duplicate column name: entry_time
[32m08:02:06[0m | [36mexecution   [0m | [36mpaper_trader        [0m | [34m[1mDEBUG   [0m | paper_trades migration noop (ALTER TABLE paper_trades ADD COLUMN exit...): duplicate column name: exit_time
[32m08:02:06[0m | [36mexecution   [0m | [36mpaper_trader        [0m | [34m[1mDEBUG   [0m | paper_trades migration noop (ALTER TABLE paper_trades ADD COLUMN pnl_...): duplicate column name: pnl_pct
[32m08:02:06[0m | [36mexecution   [0m | [36mpaper_trader        [0m | [34m[1mDEBUG   [0m | paper_trades migration noop (ALTER TABLE paper_trades ADD COLUMN note...): duplicate column name: notes
[32m08:02:06[0m | [36mexecution   [0m | [36mpaper_trader        [0m | [34m[1mDEBUG   [0m | paper_trades migration noop (ALTER TABLE paper_trades ADD COLUMN size...): duplicate column name: size_usd
[32m08:02:06[0m | [36mexecution   [0m | [36mpaper_trader        [0m | [34m[1mDEBUG   [0m | paper_trades migration noop (ALTER TABLE paper_trades ADD COLUMN valu...): duplicate column name: value
[32m08:02:06[0m | [36mexecution   [0m | [36mpaper_trader        [0m | [34m[1mDEBUG   [0m | paper_trades migration noop (ALTER TABLE paper_trades ADD COLUMN risk...): duplicate column name: risk_action
[32m08:02:06[0m | [36mexecution   [0m | [36mpaper_trader        [0m | [34m[1mDEBUG   [0m | paper_trades migration noop (ALTER TABLE paper_trades ADD COLUMN clie...): duplicate column name: client_order_id
[32m08:02:06[0m | [36mexecution   [0m | [36mpaper_trader        [0m | [34m[1mDEBUG   [0m | paper_trades migration noop (ALTER TABLE paper_trades ADD COLUMN corr...): duplicate column name: correlation_id
2026-06-07T08:02:06Z  INFO     trading.bollinger_range  [c6] ENTRY ALLO/USDT  %B=0.061  RSI=28.4  size=$8.01  cap=$125.52
[32m08:02:06[0m | [36mexecution   [0m | [36mpaper_trader        [0m | [1mINFO    [0m | PAPER BUY ALLO/USDT @ 0.2999 x26.714999 | strat=C6_bollinger_range | regime=RANGE_BOUND | cli=3afeb3952d0d | corr=dc865d6f
2026-06-07T08:02:06Z  INFO     trading.bollinger_range  [c6] EUR/USDT  price=1.1491  %B=-0.120  RSI=34.4  regime=RANGE_BOUND
2026-06-07T08:02:06Z  INFO     trading.bollinger_range  [c6] HOLD  EUR/USDT  pnl=+0.00%  age=0.5h  %B=-0.120
2026-06-07T08:02:06Z  INFO     paper_runner    [reconcile] crypto portfolio stats refreshed from DB: trades 499→500, realized_pnl -3.2794→-3.2794
2026-06-07T08:02:06Z  INFO     paper_runner  == Crypto cycle done | capital=USD 125.52 ==
[32m08:02:06[0m | [36mscripts     [0m | [36mreconcile_intracycle[0m | [34m[1mDEBUG   [0m | dust filter (drift): LA/USDT drift_shares=0.000000 notional<$0.25 — skip
[32m08:02:06[0m | [36mscripts     [0m | [36mreconcile_intracycle[0m | [34m[1mDEBUG   [0m | dust filter (drift): EUR/USDT drift_shares=0.000000 notional<$0.25 — skip
[32m08:02:06[0m | [36mscripts     [0m | [36mreconcile_intracycle[0m | [34m[1mDEBUG   [0m | dust filter (drift): PAXG/USDT drift_shares=0.000000 notional<$0.25 — skip
[32m08:02:06[0m | [36mscripts     [0m | [36mreconcile_intracycle[0m | [34m[1mDEBUG   [0m | dust filter (drift): ETH/USDT drift_shares=0.000000 notional<$0.25 — skip
[32m08:02:06[0m | [36mscripts     [0m | [36mreconcile_intracycle[0m | [34m[1mDEBUG   [0m | dust filter (drift): ALLO/USDT drift_shares=0.000000 notional<$0.25 — skip
[32m08:02:06[0m | [36mscripts     [0m | [36mreconcile_intracycle[0m | [34m[1mDEBUG   [0m | dust filter (drift): XAUT/USDT drift_shares=0.000000 notional<$0.25 — skip
[32m08:02:06[0m | [36mscripts     [0m | [36mreconcile_intracycle[0m | [1mINFO    [0m | reconciler: filtered 6 dust drift entries (notional < $0.25)
[32m08:02:06[0m | [36mscripts     [0m | [36mreconcile_intracycle[0m | [1mINFO    [0m | Reconciliation clean | checked=6 positions across crypto
2026-06-07T08:02:06Z  INFO     paper_runner    Cycle 1057 done in 6.9s — sleeping 893s
2026-06-07T08:02:06Z  INFO     paper_runner  [runner] cycle 1057 complete: C1=idle C2=idle C3=hold(4,picks=2) C5b=halted_src C6=hold(2,picks=1)
2026-06-07T08:16:59Z  INFO     paper_runner  ── Cycle 1058 ─────────────────────────────────────
2026-06-07T08:16:59Z  INFO     paper_runner  == Crypto cycle | capital=USD 125.52 ==
2026-06-07T08:17:00Z  INFO     paper_runner    BTC dominance proxy: 46.1%
2026-06-07T08:17:01Z  INFO     paper_runner    [BTC/USDT] price=62318.4400 | BTC.D=46.1%
2026-06-07T08:17:01Z  INFO     paper_runner      regime=RANGE_BOUND(0.95) votes={'BUY': 0, 'SELL': 1, 'HOLD': 5} → HOLD (agree=0.83 conf=0.49)
2026-06-07T08:17:02Z  INFO     paper_runner    📊 Fear & Greed: 12 (Extreme Fear)
2026-06-07T08:17:02Z  INFO     paper_runner      ML gate: conf=0.353 -> SKIP HOLD
2026-06-07T08:17:02Z  INFO     paper_runner    [ETH/USDT] price=1610.2800 | BTC.D=46.1%
2026-06-07T08:17:02Z  INFO     paper_runner      regime=BULL_TREND(1.00) votes={'BUY': 0, 'SELL': 1, 'HOLD': 5} → HOLD (agree=0.83 conf=0.49)
[32m08:17:02[0m | [36mrisk        [0m | [36mengine              [0m | [34m[1mDEBUG   [0m | Portfolio drawdown -0.1% — within limits
2026-06-07T08:17:02Z  INFO     paper_runner    ⏸  HOLD ETH/USDT @ 1610.2800
2026-06-07T08:17:02Z  INFO     paper_runner    [SOL/USDT] price=64.5200 | BTC.D=46.1%
2026-06-07T08:17:02Z  INFO     paper_runner      regime=RANGE_BOUND(0.95) votes={'BUY': 0, 'SELL': 1, 'HOLD': 5} → HOLD (agree=0.83 conf=0.49)
[32m08:17:02[0m | [36mrisk        [0m | [36mengine              [0m | [34m[1mDEBUG   [0m | Portfolio drawdown -0.1% — within limits
2026-06-07T08:17:02Z  INFO     paper_runner    ⏸  HOLD SOL/USDT @ 64.5200
2026-06-07T08:17:02Z  INFO     paper_runner    [LINK/USDT] price=7.6800 | BTC.D=46.1%
2026-06-07T08:17:02Z  INFO     paper_runner      regime=BULL_TREND(1.00) votes={'BUY': 0, 'SELL': 1, 'HOLD': 5} → HOLD (agree=0.83 conf=0.49)
[32m08:17:02[0m | [36mrisk        [0m | [36mengine              [0m | [34m[1mDEBUG   [0m | Portfolio drawdown -0.1% — within limits
2026-06-07T08:17:02Z  INFO     paper_runner    ⏸  HOLD LINK/USDT @ 7.6800
2026-06-07T08:17:02Z  INFO     paper_runner    [DOT/USDT] price=0.9640 | BTC.D=46.1%
2026-06-07T08:17:02Z  INFO     paper_runner      regime=BULL_TREND(0.77) votes={'BUY': 0, 'SELL': 1, 'HOLD': 5} → HOLD (agree=0.83 conf=0.49)
[32m08:17:02[0m | [36mrisk        [0m | [36mengine              [0m | [34m[1mDEBUG   [0m | Portfolio drawdown -0.1% — within limits
2026-06-07T08:17:03Z  INFO     paper_runner    ⏸  HOLD DOT/USDT @ 0.9640
2026-06-07T08:17:03Z  INFO     paper_runner    [AVAX/USDT] price=6.7860 | BTC.D=46.1%
2026-06-07T08:17:03Z  INFO     paper_runner      regime=RANGE_BOUND(1.00) votes={'BUY': 0, 'SELL': 1, 'HOLD': 5} → HOLD (agree=0.83 conf=0.49)
[32m08:17:03[0m | [36mrisk        [0m | [36mengine              [0m | [34m[1mDEBUG   [0m | Portfolio drawdown -0.1% — within limits
2026-06-07T08:17:03Z  INFO     paper_runner    ⏸  HOLD AVAX/USDT @ 6.7860
2026-06-07T08:17:03Z  INFO     trading.stat_arb    [BTC/USDT/ETH/USDT] spread=3.6557 z=-0.828 prices=(62318.4400, 1610.5500)
2026-06-07T08:17:03Z  INFO     paper_runner  [scanner] universe size=22  top5=['ALLO/USDT', 'XLM/USDT', 'HOME/USDT', 'USD1/USDT', 'SUI/USDT']
2026-06-07T08:17:07Z  INFO     markets.crypto.scanner  [scanner] universe=22 fetched=22 skipped=0  candidates: c3=2, c6=1
2026-06-07T08:17:07Z  INFO     markets.crypto.scanner  [scanner] c3 top3: PAXG/USDT(-2.163), XAUT/USDT(-2.081)
2026-06-07T08:17:07Z  INFO     markets.crypto.scanner  [scanner] c6 top3: ALLO/USDT(-0.071)
2026-06-07T08:17:07Z  INFO     markets.crypto.allocator  [allocator] capital=$125.52  open=0/6  per_strategy_counts={}
2026-06-07T08:17:07Z  INFO     markets.crypto.allocator  [allocator] c3 picks (top 2): PAXG/USDT, XAUT/USDT
2026-06-07T08:17:07Z  INFO     markets.crypto.allocator  [allocator] c6 picks (top 1): ALLO/USDT
2026-06-07T08:17:07Z  INFO     paper_runner  [scanner] final plan: c3=['PAXG/USDT', 'XAUT/USDT']  c6=['ALLO/USDT']  fg=12  skip_c3=False  skip_c6=False
2026-06-07T08:17:07Z  INFO     trading.altcoin_reversion  [c3] also evaluating 2 held position(s) outside picks: ['ETH/USDT', 'LA/USDT']
2026-06-07T08:17:07Z  INFO     trading.altcoin_reversion  [c3] cooldown active for: OPN/USDT(8.7h), DOT/USDT(13.0h), FIL/USDT(13.2h), AR/USDT(13.7h)
2026-06-07T08:17:07Z  INFO     trading.altcoin_reversion  [c3] HOLD  PAXG/USDT  z=-2.161  pct=+0.04%  age=1.3h
2026-06-07T08:17:07Z  INFO     trading.altcoin_reversion  [c3] HOLD  XAUT/USDT  z=-2.079  pct=+0.05%  age=1.0h
2026-06-07T08:17:07Z  INFO     trading.altcoin_reversion  [c3] HOLD  ETH/USDT  z=-0.553  pct=+4.36%  age=21.5h
[32m08:17:07[0m | [36mrisk        [0m | [36mengine              [0m | [34m[1mDEBUG   [0m | Portfolio drawdown -0.1% — within limits
[32m08:17:07[0m | [36mexecution   [0m | [36mpaper_trader        [0m | [34m[1mDEBUG   [0m | paper_trades migration noop (ALTER TABLE paper_trades ADD COLUMN stra...): duplicate column name: strategy
[32m08:17:07[0m | [36mexecution   [0m | [36mpaper_trader        [0m | [34m[1mDEBUG   [0m | paper_trades migration noop (ALTER TABLE paper_trades ADD COLUMN entr...): duplicate column name: entry_time
[32m08:17:07[0m | [36mexecution   [0m | [36mpaper_trader        [0m | [34m[1mDEBUG   [0m | paper_trades migration noop (ALTER TABLE paper_trades ADD COLUMN exit...): duplicate column name: exit_time
[32m08:17:07[0m | [36mexecution   [0m | [36mpaper_trader        [0m | [34m[1mDEBUG   [0m | paper_trades migration noop (ALTER TABLE paper_trades ADD COLUMN pnl_...): duplicate column name: pnl_pct
[32m08:17:07[0m | [36mexecution   [0m | [36mpaper_trader        [0m | [34m[1mDEBUG   [0m | paper_trades migration noop (ALTER TABLE paper_trades ADD COLUMN note...): duplicate column name: notes
[32m08:17:07[0m | [36mexecution   [0m | [36mpaper_trader        [0m | [34m[1mDEBUG   [0m | paper_trades migration noop (ALTER TABLE paper_trades ADD COLUMN size...): duplicate column name: size_usd
[32m08:17:07[0m | [36mexecution   [0m | [36mpaper_trader        [0m | [34m[1mDEBUG   [0m | paper_trades migration noop (ALTER TABLE paper_trades ADD COLUMN valu...): duplicate column name: value
[32m08:17:07[0m | [36mexecution   [0m | [36mpaper_trader        [0m | [34m[1mDEBUG   [0m | paper_trades migration noop (ALTER TABLE paper_trades ADD COLUMN risk...): duplicate column name: risk_action
[32m08:17:07[0m | [36mexecution   [0m | [36mpaper_trader        [0m | [34m[1mDEBUG   [0m | paper_trades migration noop (ALTER TABLE paper_trades ADD COLUMN clie...): duplicate column name: client_order_id
[32m08:17:07[0m | [36mexecution   [0m | [36mpaper_trader        [0m | [34m[1mDEBUG   [0m | paper_trades migration noop (ALTER TABLE paper_trades ADD COLUMN corr...): duplicate column name: correlation_id
2026-06-07T08:17:08Z  INFO     trading.altcoin_reversion  [c3] EXIT  LA/USDT  reason=z_trailing  z=-0.258  pnl=$0.4460 (8.92%)  portfolio=$130.96
2026-06-07T08:17:08Z  INFO     trading.bollinger_range  [c6] also evaluating 1 held position(s) outside picks: ['EUR/USDT']
[32m08:17:08[0m | [36mexecution   [0m | [36mpaper_trader        [0m | [1mINFO    [0m | PAPER SELL LA/USDT @ 0.0757 x71.942446 | strat=C3_altcoin_reversion | regime=RANGE_OR_BULL | cli=71be32d4bc5b | corr=3b308283
2026-06-07T08:17:08Z  INFO     trading.bollinger_range  [c6] ALLO/USDT  price=0.3095  %B=0.093  RSI=30.3  regime=RANGE_BOUND
[32m08:17:08[0m | [36mrisk        [0m | [36mengine              [0m | [34m[1mDEBUG   [0m | Portfolio drawdown -0.1% — within limits
[32m08:17:08[0m | [36mexecution   [0m | [36mpaper_trader        [0m | [34m[1mDEBUG   [0m | paper_trades migration noop (ALTER TABLE paper_trades ADD COLUMN stra...): duplicate column name: strategy
[32m08:17:08[0m | [36mexecution   [0m | [36mpaper_trader        [0m | [34m[1mDEBUG   [0m | paper_trades migration noop (ALTER TABLE paper_trades ADD COLUMN entr...): duplicate column name: entry_time
[32m08:17:08[0m | [36mexecution   [0m | [36mpaper_trader        [0m | [34m[1mDEBUG   [0m | paper_trades migration noop (ALTER TABLE paper_trades ADD COLUMN exit...): duplicate column name: exit_time
[32m08:17:08[0m | [36mexecution   [0m | [36mpaper_trader        [0m | [34m[1mDEBUG   [0m | paper_trades migration noop (ALTER TABLE paper_trades ADD COLUMN pnl_...): duplicate column name: pnl_pct
[32m08:17:08[0m | [36mexecution   [0m | [36mpaper_trader        [0m | [34m[1mDEBUG   [0m | paper_trades migration noop (ALTER TABLE paper_trades ADD COLUMN note...): duplicate column name: notes
[32m08:17:08[0m | [36mexecution   [0m | [36mpaper_trader        [0m | [34m[1mDEBUG   [0m | paper_trades migration noop (ALTER TABLE paper_trades ADD COLUMN size...): duplicate column name: size_usd
[32m08:17:08[0m | [36mexecution   [0m | [36mpaper_trader        [0m | [34m[1mDEBUG   [0m | paper_trades migration noop (ALTER TABLE paper_trades ADD COLUMN valu...): duplicate column name: value
[32m08:17:08[0m | [36mexecution   [0m | [36mpaper_trader        [0m | [34m[1mDEBUG   [0m | paper_trades migration noop (ALTER TABLE paper_trades ADD COLUMN risk...): duplicate column name: risk_action
[32m08:17:08[0m | [36mexecution   [0m | [36mpaper_trader        [0m | [34m[1mDEBUG   [0m | paper_trades migration noop (ALTER TABLE paper_trades ADD COLUMN clie...): duplicate column name: client_order_id
[32m08:17:08[0m | [36mexecution   [0m | [36mpaper_trader        [0m | [34m[1mDEBUG   [0m | paper_trades migration noop (ALTER TABLE paper_trades ADD COLUMN corr...): duplicate column name: correlation_id
2026-06-07T08:17:08Z  INFO     trading.bollinger_range  [c6] EXIT  ALLO/USDT  reason=take_profit(3.20%)  pnl=$0.2565 (+3.20%)  cap=$139.23
[32m08:17:08[0m | [36mexecution   [0m | [36mpaper_trader        [0m | [1mINFO    [0m | PAPER SELL ALLO/USDT @ 0.3095 x26.714999 | strat=C6_bollinger_range | regime=RANGE_BOUND | cli=6e44419cd61a | corr=95faa459
2026-06-07T08:17:08Z  INFO     trading.bollinger_range  [c6] EUR/USDT  price=1.1491  %B=-0.120  RSI=34.4  regime=RANGE_BOUND
2026-06-07T08:17:08Z  INFO     trading.bollinger_range  [c6] HOLD  EUR/USDT  pnl=+0.00%  age=0.7h  %B=-0.120
2026-06-07T08:17:08Z  INFO     paper_runner    [reconcile] crypto portfolio stats refreshed from DB: trades 500→502, realized_pnl -3.2794→-2.5769
2026-06-07T08:17:08Z  INFO     paper_runner  == Crypto cycle done | capital=USD 139.23 ==
[32m08:17:08[0m | [36mscripts     [0m | [36mreconcile_intracycle[0m | [34m[1mDEBUG   [0m | dust filter (drift): EUR/USDT drift_shares=0.000000 notional<$0.25 — skip
[32m08:17:08[0m | [36mscripts     [0m | [36mreconcile_intracycle[0m | [34m[1mDEBUG   [0m | dust filter (drift): PAXG/USDT drift_shares=0.000000 notional<$0.25 — skip
[32m08:17:08[0m | [36mscripts     [0m | [36mreconcile_intracycle[0m | [34m[1mDEBUG   [0m | dust filter (drift): ETH/USDT drift_shares=0.000000 notional<$0.25 — skip
[32m08:17:08[0m | [36mscripts     [0m | [36mreconcile_intracycle[0m | [34m[1mDEBUG   [0m | dust filter (drift): XAUT/USDT drift_shares=0.000000 notional<$0.25 — skip
[32m08:17:08[0m | [36mscripts     [0m | [36mreconcile_intracycle[0m | [1mINFO    [0m | reconciler: filtered 4 dust drift entries (notional < $0.25)
[32m08:17:08[0m | [36mscripts     [0m | [36mreconcile_intracycle[0m | [1mINFO    [0m | Reconciliation clean | checked=4 positions across crypto
2026-06-07T08:17:08Z  INFO     paper_runner    Cycle 1058 done in 8.8s — sleeping 891s
2026-06-07T08:17:08Z  INFO     paper_runner  [runner] cycle 1058 complete: C1=idle C2=idle C3=hold(3,picks=2) C5b=halted_src C6=hold(1,picks=1)
2026-06-07T08:31:59Z  INFO     paper_runner  ── Cycle 1059 ─────────────────────────────────────
2026-06-07T08:31:59Z  INFO     paper_runner  == Crypto cycle | capital=USD 139.23 ==
2026-06-07T08:32:00Z  INFO     paper_runner    BTC dominance proxy: 46.2%
2026-06-07T08:32:01Z  INFO     paper_runner    [BTC/USDT] price=62507.0500 | BTC.D=46.2%
2026-06-07T08:32:01Z  INFO     paper_runner      regime=RANGE_BOUND(0.97) votes={'BUY': 0, 'SELL': 1, 'HOLD': 5} → HOLD (agree=0.83 conf=0.49)
2026-06-07T08:32:01Z  INFO     paper_runner      ML gate: conf=0.271 -> SKIP HOLD
2026-06-07T08:32:01Z  INFO     paper_runner    [ETH/USDT] price=1616.4200 | BTC.D=46.2%
2026-06-07T08:32:01Z  INFO     paper_runner      regime=BULL_TREND(1.00) votes={'BUY': 0, 'SELL': 1, 'HOLD': 5} → HOLD (agree=0.83 conf=0.49)
[32m08:32:01[0m | [36mrisk        [0m | [36mengine              [0m | [34m[1mDEBUG   [0m | Portfolio drawdown -0.1% — within limits
2026-06-07T08:32:01Z  INFO     paper_runner    ⏸  HOLD ETH/USDT @ 1616.4200
2026-06-07T08:32:01Z  INFO     paper_runner    [SOL/USDT] price=64.8100 | BTC.D=46.2%
2026-06-07T08:32:01Z  INFO     paper_runner      regime=RANGE_BOUND(1.00) votes={'BUY': 0, 'SELL': 1, 'HOLD': 5} → HOLD (agree=0.83 conf=0.49)
[32m08:32:01[0m | [36mrisk        [0m | [36mengine              [0m | [34m[1mDEBUG   [0m | Portfolio drawdown -0.1% — within limits
2026-06-07T08:32:01Z  INFO     paper_runner    ⏸  HOLD SOL/USDT @ 64.8100
2026-06-07T08:32:01Z  INFO     paper_runner    [LINK/USDT] price=7.6960 | BTC.D=46.2%
2026-06-07T08:32:01Z  INFO     paper_runner      regime=BULL_TREND(1.00) votes={'BUY': 0, 'SELL': 1, 'HOLD': 5} → HOLD (agree=0.83 conf=0.49)
[32m08:32:01[0m | [36mrisk        [0m | [36mengine              [0m | [34m[1mDEBUG   [0m | Portfolio drawdown -0.1% — within limits
2026-06-07T08:32:01Z  INFO     paper_runner    ⏸  HOLD LINK/USDT @ 7.6960
2026-06-07T08:32:01Z  INFO     paper_runner    [DOT/USDT] price=0.9660 | BTC.D=46.2%
2026-06-07T08:32:01Z  INFO     paper_runner      regime=BULL_TREND(0.99) votes={'BUY': 0, 'SELL': 1, 'HOLD': 5} → HOLD (agree=0.83 conf=0.49)
[32m08:32:01[0m | [36mrisk        [0m | [36mengine              [0m | [34m[1mDEBUG   [0m | Portfolio drawdown -0.1% — within limits
2026-06-07T08:32:01Z  INFO     paper_runner    ⏸  HOLD DOT/USDT @ 0.9660
2026-06-07T08:32:01Z  INFO     paper_runner    [AVAX/USDT] price=6.8100 | BTC.D=46.2%
2026-06-07T08:32:01Z  INFO     paper_runner      regime=RANGE_BOUND(0.91) votes={'BUY': 0, 'SELL': 1, 'HOLD': 5} → HOLD (agree=0.83 conf=0.49)
[32m08:32:01[0m | [36mrisk        [0m | [36mengine              [0m | [34m[1mDEBUG   [0m | Portfolio drawdown -0.1% — within limits
2026-06-07T08:32:01Z  INFO     paper_runner    ⏸  HOLD AVAX/USDT @ 6.8100
2026-06-07T08:32:01Z  INFO     trading.stat_arb    [BTC/USDT/ETH/USDT] spread=3.6551 z=-0.943 prices=(62507.0500, 1616.4300)
2026-06-07T08:32:03Z  INFO     markets.crypto.universe  [universe] fetched 3594 raw tickers from Binance
2026-06-07T08:32:03Z  INFO     markets.crypto.universe  [universe] kept=17  rejected_by={quote:2927, low:517, leveraged:52, pumping:24, denylist:24}  top3=[ALLO/USDT, USD1/USDT, SUI/USDT]
2026-06-07T08:32:03Z  INFO     paper_runner  [scanner] universe size=17  top5=['ALLO/USDT', 'USD1/USDT', 'SUI/USDT', '币安人生/USDT', 'TON/USDT']
2026-06-07T08:32:05Z  INFO     markets.crypto.scanner  [scanner] universe=17 fetched=17 skipped=0  candidates: c3=2, c6=1
2026-06-07T08:32:05Z  INFO     markets.crypto.scanner  [scanner] c3 top3: PAXG/USDT(-2.392), XAUT/USDT(-2.364)
2026-06-07T08:32:05Z  INFO     markets.crypto.scanner  [scanner] c6 top3: ALLO/USDT(-0.085)
2026-06-07T08:32:05Z  INFO     markets.crypto.allocator  [allocator] capital=$139.23  open=0/6  per_strategy_counts={}
2026-06-07T08:32:05Z  INFO     markets.crypto.allocator  [allocator] c3 picks (top 2): PAXG/USDT, XAUT/USDT
2026-06-07T08:32:05Z  INFO     markets.crypto.allocator  [allocator] c6 picks (top 1): ALLO/USDT
2026-06-07T08:32:05Z  INFO     paper_runner  [scanner] final plan: c3=['PAXG/USDT', 'XAUT/USDT']  c6=['ALLO/USDT']  fg=12  skip_c3=False  skip_c6=False
2026-06-07T08:32:05Z  INFO     trading.altcoin_reversion  [c3] also evaluating 1 held position(s) outside picks: ['ETH/USDT']
2026-06-07T08:32:05Z  INFO     trading.altcoin_reversion  [c3] cooldown active for: OPN/USDT(8.5h), DOT/USDT(12.8h), FIL/USDT(13.0h), AR/USDT(13.5h)
2026-06-07T08:32:05Z  INFO     trading.altcoin_reversion  [c3] HOLD  PAXG/USDT  z=-2.410  pct=+0.07%  age=1.5h
2026-06-07T08:32:05Z  INFO     trading.altcoin_reversion  [c3] HOLD  XAUT/USDT  z=-2.383  pct=+0.03%  age=1.2h
2026-06-07T08:32:05Z  INFO     trading.altcoin_reversion  [c3] HOLD  ETH/USDT  z=-0.518  pct=+4.77%  age=21.7h
2026-06-07T08:32:05Z  INFO     trading.bollinger_range  [c6] also evaluating 1 held position(s) outside picks: ['EUR/USDT']
2026-06-07T08:32:05Z  INFO     trading.bollinger_range  [c6] ALLO/USDT  price=0.3080  %B=0.088  RSI=30.0  regime=RANGE_BOUND
[32m08:32:05[0m | [36mrisk        [0m | [36mengine              [0m | [34m[1mDEBUG   [0m | Portfolio drawdown -0.1% — within limits
[32m08:32:05[0m | [36mexecution   [0m | [36mpaper_trader        [0m | [34m[1mDEBUG   [0m | paper_trades migration noop (ALTER TABLE paper_trades ADD COLUMN stra...): duplicate column name: strategy
[32m08:32:05[0m | [36mexecution   [0m | [36mpaper_trader        [0m | [34m[1mDEBUG   [0m | paper_trades migration noop (ALTER TABLE paper_trades ADD COLUMN entr...): duplicate column name: entry_time
[32m08:32:05[0m | [36mexecution   [0m | [36mpaper_trader        [0m | [34m[1mDEBUG   [0m | paper_trades migration noop (ALTER TABLE paper_trades ADD COLUMN exit...): duplicate column name: exit_time
[32m08:32:05[0m | [36mexecution   [0m | [36mpaper_trader        [0m | [34m[1mDEBUG   [0m | paper_trades migration noop (ALTER TABLE paper_trades ADD COLUMN pnl_...): duplicate column name: pnl_pct
[32m08:32:05[0m | [36mexecution   [0m | [36mpaper_trader        [0m | [34m[1mDEBUG   [0m | paper_trades migration noop (ALTER TABLE paper_trades ADD COLUMN note...): duplicate column name: notes
[32m08:32:05[0m | [36mexecution   [0m | [36mpaper_trader        [0m | [34m[1mDEBUG   [0m | paper_trades migration noop (ALTER TABLE paper_trades ADD COLUMN size...): duplicate column name: size_usd
[32m08:32:05[0m | [36mexecution   [0m | [36mpaper_trader        [0m | [34m[1mDEBUG   [0m | paper_trades migration noop (ALTER TABLE paper_trades ADD COLUMN valu...): duplicate column name: value
[32m08:32:05[0m | [36mexecution   [0m | [36mpaper_trader        [0m | [34m[1mDEBUG   [0m | paper_trades migration noop (ALTER TABLE paper_trades ADD COLUMN risk...): duplicate column name: risk_action
[32m08:32:05[0m | [36mexecution   [0m | [36mpaper_trader        [0m | [34m[1mDEBUG   [0m | paper_trades migration noop (ALTER TABLE paper_trades ADD COLUMN clie...): duplicate column name: client_order_id
[32m08:32:05[0m | [36mexecution   [0m | [36mpaper_trader        [0m | [34m[1mDEBUG   [0m | paper_trades migration noop (ALTER TABLE paper_trades ADD COLUMN corr...): duplicate column name: correlation_id
2026-06-07T08:32:05Z  INFO     trading.bollinger_range  [c6] ENTRY ALLO/USDT  %B=0.088  RSI=30.0  size=$8.35  cap=$130.88
[32m08:32:05[0m | [36mexecution   [0m | [36mpaper_trader        [0m | [1mINFO    [0m | PAPER BUY ALLO/USDT @ 0.3080 x27.123307 | strat=C6_bollinger_range | regime=RANGE_BOUND | cli=afdf76b29390 | corr=38c113e2
2026-06-07T08:32:05Z  INFO     trading.bollinger_range  [c6] EUR/USDT  price=1.1491  %B=-0.120  RSI=34.4  regime=RANGE_BOUND
2026-06-07T08:32:05Z  INFO     trading.bollinger_range  [c6] HOLD  EUR/USDT  pnl=+0.00%  age=1.0h  %B=-0.120
2026-06-07T08:32:05Z  INFO     paper_runner    [reconcile] crypto portfolio stats refreshed from DB: trades 502→503, realized_pnl -2.5769→-2.5769
2026-06-07T08:32:05Z  INFO     paper_runner  == Crypto cycle done | capital=USD 130.88 ==
[32m08:32:05[0m | [36mscripts     [0m | [36mreconcile_intracycle[0m | [34m[1mDEBUG   [0m | dust filter (drift): EUR/USDT drift_shares=0.000000 notional<$0.25 — skip
[32m08:32:05[0m | [36mscripts     [0m | [36mreconcile_intracycle[0m | [34m[1mDEBUG   [0m | dust filter (drift): PAXG/USDT drift_shares=0.000000 notional<$0.25 — skip
[32m08:32:05[0m | [36mscripts     [0m | [36mreconcile_intracycle[0m | [34m[1mDEBUG   [0m | dust filter (drift): ETH/USDT drift_shares=0.000000 notional<$0.25 — skip
[32m08:32:05[0m | [36mscripts     [0m | [36mreconcile_intracycle[0m | [34m[1mDEBUG   [0m | dust filter (drift): ALLO/USDT drift_shares=0.000000 notional<$0.25 — skip
[32m08:32:05[0m | [36mscripts     [0m | [36mreconcile_intracycle[0m | [34m[1mDEBUG   [0m | dust filter (drift): XAUT/USDT drift_shares=0.000000 notional<$0.25 — skip
[32m08:32:05[0m | [36mscripts     [0m | [36mreconcile_intracycle[0m | [1mINFO    [0m | reconciler: filtered 5 dust drift entries (notional < $0.25)
[32m08:32:05[0m | [36mscripts     [0m | [36mreconcile_intracycle[0m | [1mINFO    [0m | Reconciliation clean | checked=5 positions across crypto
2026-06-07T08:32:05Z  INFO     paper_runner    Cycle 1059 done in 6.2s — sleeping 894s
2026-06-07T08:32:05Z  INFO     paper_runner  [runner] cycle 1059 complete: C1=idle C2=idle C3=hold(3,picks=2) C5b=halted_src C6=hold(2,picks=1)
2026-06-07T08:46:59Z  INFO     paper_runner  ── Cycle 1060 ─────────────────────────────────────
2026-06-07T08:46:59Z  INFO     paper_runner  == Crypto cycle | capital=USD 130.88 ==
2026-06-07T08:47:00Z  INFO     paper_runner    BTC dominance proxy: 47.1%
2026-06-07T08:47:01Z  INFO     paper_runner    [BTC/USDT] price=62727.6200 | BTC.D=47.1%
2026-06-07T08:47:01Z  INFO     paper_runner      regime=BEAR_TREND(1.00) votes={'BUY': 0, 'SELL': 1, 'HOLD': 5} → HOLD (agree=0.83 conf=0.49)
2026-06-07T08:47:02Z  INFO     paper_runner    📊 Fear & Greed: 12 (Extreme Fear)
2026-06-07T08:47:02Z  INFO     paper_runner      ML gate: conf=0.282 -> SKIP HOLD
2026-06-07T08:47:02Z  INFO     paper_runner    [ETH/USDT] price=1633.3500 | BTC.D=47.1%
2026-06-07T08:47:02Z  INFO     paper_runner      regime=BULL_TREND(1.00) votes={'BUY': 0, 'SELL': 1, 'HOLD': 5} → HOLD (agree=0.83 conf=0.49)
2026-06-07T08:47:02Z  INFO     paper_runner    ⏸  HOLD ETH/USDT @ 1633.3500
2026-06-07T08:47:02Z  INFO     paper_runner    [SOL/USDT] price=65.5400 | BTC.D=47.1%
[32m08:47:02[0m | [36mrisk        [0m | [36mengine              [0m | [34m[1mDEBUG   [0m | Portfolio drawdown -0.1% — within limits
2026-06-07T08:47:02Z  INFO     paper_runner      regime=RANGE_BOUND(1.00) votes={'BUY': 0, 'SELL': 1, 'HOLD': 5} → HOLD (agree=0.83 conf=0.49)
2026-06-07T08:47:02Z  INFO     paper_runner    ⏸  HOLD SOL/USDT @ 65.5400
2026-06-07T08:47:02Z  INFO     paper_runner    [LINK/USDT] price=7.7870 | BTC.D=47.1%
[32m08:47:02[0m | [36mrisk        [0m | [36mengine              [0m | [34m[1mDEBUG   [0m | Portfolio drawdown -0.1% — within limits
2026-06-07T08:47:02Z  INFO     paper_runner      regime=BULL_TREND(1.00) votes={'BUY': 0, 'SELL': 1, 'HOLD': 5} → HOLD (agree=0.83 conf=0.49)
[32m08:47:02[0m | [36mrisk        [0m | [36mengine              [0m | [34m[1mDEBUG   [0m | Portfolio drawdown -0.1% — within limits
2026-06-07T08:47:02Z  INFO     paper_runner    ⏸  HOLD LINK/USDT @ 7.7870
2026-06-07T08:47:02Z  INFO     paper_runner    [DOT/USDT] price=0.9760 | BTC.D=47.1%
2026-06-07T08:47:02Z  INFO     paper_runner      regime=BULL_TREND(1.00) votes={'BUY': 0, 'SELL': 1, 'HOLD': 5} → HOLD (agree=0.83 conf=0.49)
[32m08:47:02[0m | [36mrisk        [0m | [36mengine              [0m | [34m[1mDEBUG   [0m | Portfolio drawdown -0.1% — within limits
2026-06-07T08:47:02Z  INFO     paper_runner    ⏸  HOLD DOT/USDT @ 0.9760
2026-06-07T08:47:02Z  INFO     paper_runner    [AVAX/USDT] price=6.8840 | BTC.D=47.1%
2026-06-07T08:47:02Z  INFO     paper_runner      regime=RANGE_BOUND(1.00) votes={'BUY': 0, 'SELL': 1, 'HOLD': 5} → HOLD (agree=0.83 conf=0.49)
[32m08:47:02[0m | [36mrisk        [0m | [36mengine              [0m | [34m[1mDEBUG   [0m | Portfolio drawdown -0.1% — within limits
2026-06-07T08:47:02Z  INFO     paper_runner    ⏸  HOLD AVAX/USDT @ 6.8840
2026-06-07T08:47:02Z  INFO     trading.stat_arb    [BTC/USDT/ETH/USDT] spread=3.6484 z=-2.054 prices=(62770.0000, 1634.0000)
2026-06-07T08:47:02Z  INFO     trading.stat_arb    SKIP ENTRY BTC/USDT_ETH/USDT: health gate failed (eg_p=0.0664 corr14d=0.985)
2026-06-07T08:47:02Z  INFO     paper_runner  [scanner] universe size=17  top5=['ALLO/USDT', 'USD1/USDT', 'SUI/USDT', '币安人生/USDT', 'TON/USDT']
2026-06-07T08:47:05Z  INFO     markets.crypto.scanner  [scanner] universe=17 fetched=17 skipped=0  candidates: c3=3, c6=2
2026-06-07T08:47:05Z  INFO     markets.crypto.scanner  [scanner] c3 top3: PAXG/USDT(-2.670), XAUT/USDT(-2.654), EUR/USDT(-1.855)
2026-06-07T08:47:05Z  INFO     markets.crypto.scanner  [scanner] c6 top3: EUR/USDT(-0.469), ALLO/USDT(-0.044)
2026-06-07T08:47:05Z  INFO     markets.crypto.allocator  [allocator] capital=$130.88  open=0/6  per_strategy_counts={}
2026-06-07T08:47:05Z  INFO     markets.crypto.allocator  [allocator] c3 picks (top 3): PAXG/USDT, XAUT/USDT, EUR/USDT
2026-06-07T08:47:05Z  INFO     markets.crypto.allocator  [allocator] c6 picks (top 1): ALLO/USDT
2026-06-07T08:47:05Z  INFO     markets.crypto.correlation_guard  [corr_guard] c6 skip ALLO/USDT (cluster OTHER already at cap)
2026-06-07T08:47:05Z  INFO     paper_runner  [scanner] final plan: c3=['PAXG/USDT', 'XAUT/USDT', 'EUR/USDT']  c6=None  fg=12  skip_c3=False  skip_c6=False
2026-06-07T08:47:06Z  INFO     trading.altcoin_reversion  [c3] also evaluating 1 held position(s) outside picks: ['ETH/USDT']
2026-06-07T08:47:06Z  INFO     trading.altcoin_reversion  [c3] cooldown active for: OPN/USDT(8.3h), DOT/USDT(12.5h), FIL/USDT(12.7h), AR/USDT(13.2h)
[32m08:47:06[0m | [36mrisk        [0m | [36mengine              [0m | [34m[1mDEBUG   [0m | Portfolio drawdown -0.1% — within limits
[32m08:47:06[0m | [36mexecution   [0m | [36mpaper_trader        [0m | [34m[1mDEBUG   [0m | paper_trades migration noop (ALTER TABLE paper_trades ADD COLUMN stra...): duplicate column name: strategy
[32m08:47:06[0m | [36mexecution   [0m | [36mpaper_trader        [0m | [34m[1mDEBUG   [0m | paper_trades migration noop (ALTER TABLE paper_trades ADD COLUMN entr...): duplicate column name: entry_time
[32m08:47:06[0m | [36mexecution   [0m | [36mpaper_trader        [0m | [34m[1mDEBUG   [0m | paper_trades migration noop (ALTER TABLE paper_trades ADD COLUMN exit...): duplicate column name: exit_time
[32m08:47:06[0m | [36mexecution   [0m | [36mpaper_trader        [0m | [34m[1mDEBUG   [0m | paper_trades migration noop (ALTER TABLE paper_trades ADD COLUMN pnl_...): duplicate column name: pnl_pct
[32m08:47:06[0m | [36mexecution   [0m | [36mpaper_trader        [0m | [34m[1mDEBUG   [0m | paper_trades migration noop (ALTER TABLE paper_trades ADD COLUMN note...): duplicate column name: notes
[32m08:47:06[0m | [36mexecution   [0m | [36mpaper_trader        [0m | [34m[1mDEBUG   [0m | paper_trades migration noop (ALTER TABLE paper_trades ADD COLUMN size...): duplicate column name: size_usd
[32m08:47:06[0m | [36mexecution   [0m | [36mpaper_trader        [0m | [34m[1mDEBUG   [0m | paper_trades migration noop (ALTER TABLE paper_trades ADD COLUMN valu...): duplicate column name: value
[32m08:47:06[0m | [36mexecution   [0m | [36mpaper_trader        [0m | [34m[1mDEBUG   [0m | paper_trades migration noop (ALTER TABLE paper_trades ADD COLUMN risk...): duplicate column name: risk_action
[32m08:47:06[0m | [36mexecution   [0m | [36mpaper_trader        [0m | [34m[1mDEBUG   [0m | paper_trades migration noop (ALTER TABLE paper_trades ADD COLUMN clie...): duplicate column name: client_order_id
[32m08:47:06[0m | [36mexecution   [0m | [36mpaper_trader        [0m | [34m[1mDEBUG   [0m | paper_trades migration noop (ALTER TABLE paper_trades ADD COLUMN corr...): duplicate column name: correlation_id
2026-06-07T08:47:06Z  INFO     trading.altcoin_reversion  [c3] EXIT  PAXG/USDT  reason=z_hard_stop  z=-2.631  pnl=$0.0281 (0.19%)  portfolio=$145.91
2026-06-07T08:47:06Z  INFO     trading.altcoin_reversion  [c3] cooldown PAXG/USDT for 24h after z_hard_stop (pnl=0.19%)
[32m08:47:06[0m | [36mexecution   [0m | [36mpaper_trader        [0m | [1mINFO    [0m | PAPER SELL PAXG/USDT @ 4319.7100 x0.003479 | strat=C3_altcoin_reversion | regime=RANGE_OR_BULL | cli=a6183c6e32e0 | corr=4c3d300b
[32m08:47:06[0m | [36mrisk        [0m | [36mengine              [0m | [34m[1mDEBUG   [0m | Portfolio drawdown -0.0% — within limits
[32m08:47:06[0m | [36mexecution   [0m | [36mpaper_trader        [0m | [34m[1mDEBUG   [0m | paper_trades migration noop (ALTER TABLE paper_trades ADD COLUMN stra...): duplicate column name: strategy
[32m08:47:06[0m | [36mexecution   [0m | [36mpaper_trader        [0m | [34m[1mDEBUG   [0m | paper_trades migration noop (ALTER TABLE paper_trades ADD COLUMN entr...): duplicate column name: entry_time
[32m08:47:06[0m | [36mexecution   [0m | [36mpaper_trader        [0m | [34m[1mDEBUG   [0m | paper_trades migration noop (ALTER TABLE paper_trades ADD COLUMN exit...): duplicate column name: exit_time
[32m08:47:06[0m | [36mexecution   [0m | [36mpaper_trader        [0m | [34m[1mDEBUG   [0m | paper_trades migration noop (ALTER TABLE paper_trades ADD COLUMN pnl_...): duplicate column name: pnl_pct
[32m08:47:06[0m | [36mexecution   [0m | [36mpaper_trader        [0m | [34m[1mDEBUG   [0m | paper_trades migration noop (ALTER TABLE paper_trades ADD COLUMN note...): duplicate column name: notes
[32m08:47:06[0m | [36mexecution   [0m | [36mpaper_trader        [0m | [34m[1mDEBUG   [0m | paper_trades migration noop (ALTER TABLE paper_trades ADD COLUMN size...): duplicate column name: size_usd
[32m08:47:06[0m | [36mexecution   [0m | [36mpaper_trader        [0m | [34m[1mDEBUG   [0m | paper_trades migration noop (ALTER TABLE paper_trades ADD COLUMN valu...): duplicate column name: value
[32m08:47:06[0m | [36mexecution   [0m | [36mpaper_trader        [0m | [34m[1mDEBUG   [0m | paper_trades migration noop (ALTER TABLE paper_trades ADD COLUMN risk...): duplicate column name: risk_action
[32m08:47:06[0m | [36mexecution   [0m | [36mpaper_trader        [0m | [34m[1mDEBUG   [0m | paper_trades migration noop (ALTER TABLE paper_trades ADD COLUMN clie...): duplicate column name: client_order_id
[32m08:47:06[0m | [36mexecution   [0m | [36mpaper_trader        [0m | [34m[1mDEBUG   [0m | paper_trades migration noop (ALTER TABLE paper_trades ADD COLUMN corr...): duplicate column name: correlation_id
[32m08:47:06[0m | [36mexecution   [0m | [36mpaper_trader        [0m | [1mINFO    [0m | PAPER SELL XAUT/USDT @ 4311.2100 x0.003484 | strat=C3_altcoin_reversion | regime=RANGE_OR_BULL | cli=28be8f31fce8 | corr=a0526411
2026-06-07T08:47:06Z  INFO     trading.altcoin_reversion  [c3] EXIT  XAUT/USDT  reason=z_hard_stop  z=-2.614  pnl=$0.0223 (0.15%)  portfolio=$160.93
2026-06-07T08:47:06Z  INFO     trading.altcoin_reversion  [c3] cooldown XAUT/USDT for 24h after z_hard_stop (pnl=0.15%)
2026-06-07T08:47:06Z  INFO     trading.altcoin_reversion  [c3] HOLD  ETH/USDT  z=-0.298  pct=+5.77%  age=22.0h
2026-06-07T08:47:06Z  INFO     trading.bollinger_range  [c6] also evaluating 2 held position(s) outside picks: ['ALLO/USDT', 'EUR/USDT']
2026-06-07T08:47:06Z  INFO     trading.bollinger_range  [c6] BTC/USDT  price=62744.2900  %B=1.080  RSI=84.1  regime=BEAR_TREND
2026-06-07T08:47:06Z  INFO     trading.bollinger_range  [c6] ETH/USDT  price=1632.5600  %B=1.071  RSI=92.5  regime=BULL_TREND
2026-06-07T08:47:07Z  INFO     trading.bollinger_range  [c6] SOL/USDT  price=65.5500  %B=1.026  RSI=90.0  regime=RANGE_BOUND
2026-06-07T08:47:07Z  INFO     trading.bollinger_range  [c6] ALLO/USDT  price=0.3154  %B=0.114  RSI=31.4  regime=RANGE_BOUND
[32m08:47:07[0m | [36mrisk        [0m | [36mengine              [0m | [34m[1mDEBUG   [0m | Portfolio drawdown -0.1% — within limits
[32m08:47:07[0m | [36mexecution   [0m | [36mpaper_trader        [0m | [34m[1mDEBUG   [0m | paper_trades migration noop (ALTER TABLE paper_trades ADD COLUMN stra...): duplicate column name: strategy
[32m08:47:07[0m | [36mexecution   [0m | [36mpaper_trader        [0m | [34m[1mDEBUG   [0m | paper_trades migration noop (ALTER TABLE paper_trades ADD COLUMN entr...): duplicate column name: entry_time
[32m08:47:07[0m | [36mexecution   [0m | [36mpaper_trader        [0m | [34m[1mDEBUG   [0m | paper_trades migration noop (ALTER TABLE paper_trades ADD COLUMN exit...): duplicate column name: exit_time
[32m08:47:07[0m | [36mexecution   [0m | [36mpaper_trader        [0m | [34m[1mDEBUG   [0m | paper_trades migration noop (ALTER TABLE paper_trades ADD COLUMN pnl_...): duplicate column name: pnl_pct
[32m08:47:07[0m | [36mexecution   [0m | [36mpaper_trader        [0m | [34m[1mDEBUG   [0m | paper_trades migration noop (ALTER TABLE paper_trades ADD COLUMN note...): duplicate column name: notes
[32m08:47:07[0m | [36mexecution   [0m | [36mpaper_trader        [0m | [34m[1mDEBUG   [0m | paper_trades migration noop (ALTER TABLE paper_trades ADD COLUMN size...): duplicate column name: size_usd
[32m08:47:07[0m | [36mexecution   [0m | [36mpaper_trader        [0m | [34m[1mDEBUG   [0m | paper_trades migration noop (ALTER TABLE paper_trades ADD COLUMN valu...): duplicate column name: value
[32m08:47:07[0m | [36mexecution   [0m | [36mpaper_trader        [0m | [34m[1mDEBUG   [0m | paper_trades migration noop (ALTER TABLE paper_trades ADD COLUMN risk...): duplicate column name: risk_action
[32m08:47:07[0m | [36mexecution   [0m | [36mpaper_trader        [0m | [34m[1mDEBUG   [0m | paper_trades migration noop (ALTER TABLE paper_trades ADD COLUMN clie...): duplicate column name: client_order_id
[32m08:47:07[0m | [36mexecution   [0m | [36mpaper_trader        [0m | [34m[1mDEBUG   [0m | paper_trades migration noop (ALTER TABLE paper_trades ADD COLUMN corr...): duplicate column name: correlation_id
2026-06-07T08:47:07Z  INFO     trading.bollinger_range  [c6] EXIT  ALLO/USDT  reason=take_profit(2.40%)  pnl=$0.2007 (+2.40%)  cap=$169.48
[32m08:47:07[0m | [36mexecution   [0m | [36mpaper_trader        [0m | [1mINFO    [0m | PAPER SELL ALLO/USDT @ 0.3154 x27.123307 | strat=C6_bollinger_range | regime=RANGE_BOUND | cli=3deba0acb0cc | corr=408ff8c8
2026-06-07T08:47:07Z  INFO     trading.bollinger_range  [c6] EUR/USDT  price=1.1484  %B=-0.309  RSI=28.2  regime=RANGE_BOUND
2026-06-07T08:47:07Z  INFO     trading.bollinger_range  [c6] HOLD  EUR/USDT  pnl=-0.06%  age=1.2h  %B=-0.309
2026-06-07T08:47:07Z  INFO     paper_runner    [reconcile] crypto portfolio stats refreshed from DB: trades 503→506, realized_pnl -2.5769→-2.3258
2026-06-07T08:47:07Z  INFO     paper_runner  == Crypto cycle done | capital=USD 169.48 ==
[32m08:47:07[0m | [36mscripts     [0m | [36mreconcile_intracycle[0m | [34m[1mDEBUG   [0m | dust filter (drift): EUR/USDT drift_shares=0.000000 notional<$0.25 — skip
[32m08:47:07[0m | [36mscripts     [0m | [36mreconcile_intracycle[0m | [34m[1mDEBUG   [0m | dust filter (drift): ETH/USDT drift_shares=0.000000 notional<$0.25 — skip
[32m08:47:07[0m | [36mscripts     [0m | [36mreconcile_intracycle[0m | [1mINFO    [0m | reconciler: filtered 2 dust drift entries (notional < $0.25)
[32m08:47:07[0m | [36mscripts     [0m | [36mreconcile_intracycle[0m | [1mINFO    [0m | Reconciliation clean | checked=2 positions across crypto
2026-06-07T08:47:07Z  INFO     paper_runner    Cycle 1060 done in 7.9s — sleeping 892s
2026-06-07T08:47:07Z  INFO     paper_runner  [runner] cycle 1060 complete: C1=idle C2=idle C3=hold(1,picks=3) C5b=halted_src C6=hold(1)
